[0;36mafl-fuzz++4.35a[0m based on afl by Michal Zalewski and a large online community
[1;92m[+] [0mAFL++ is maintained by Marc "van Hauser" Heuse, Dominik Maier, Andrea Fioraldi and Heiko "hexcoder" Eißfeldt[0m
[1;92m[+] [0mAFL++ is open source, get it at https://github.com/AFLplusplus/AFLplusplus[0m
[1;92m[+] [0mNOTE: AFL++ >= v3 has changed defaults and behaviours - see README.md[0m
[1;92m[+] [0mNo -M/-S set, autoconfiguring for "-S default"[0m
[1;94m[*] [0mGetting to work...[0m
[1;92m[+] [0mUsing exploration-based constant power schedule (EXPLORE)[0m
[1;92m[+] [0mEnabled testcache with 50 MB[0m
[1;92m[+] [0mGenerating fuzz data with a length of min=1 max=1048576[0m
[1;94m[*] [0mChecking CPU scaling governor...[0m
[1;93m[!] [1;97mWARNING: [0mCould not check CPU min frequency[0m
[1;92m[+] [0mLooks like we're not running on a tty, so I'll be a bit less verbose.[0m
[1;92m[+] [0mYou have 8 CPU cores and 3 runnable tasks (utilization: 38%).[0m
[1;92m[+] [0mTry parallel jobs - see docs/fuzzing_in_depth.md#c-using-multiple-cores[0m
[1;94m[*] [0mSetting up output directories...[0m
[1;94m[*] [0mValidating target binary...[0m

[1;91m[-] [0mLooks like the target binary is not instrumented! The fuzzer depends on
    compile-time instrumentation to isolate interesting test cases while
    mutating the input data. For more information, and for tips on how to
    instrument binaries, please see docs/README.md.

    When source code is not available, you may be able to leverage QEMU
    mode support. Consult the README.md for tips on how to enable this.

    If your target is an instrumented binary (e.g. with zafl, retrowrite,
    etc.) then set 'AFL_SKIP_BIN_CHECK=1'

    (It is also possible to use afl-fuzz as a traditional, non-instrumented
    fuzzer. For that use the -n option - but expect much worse results.)
[?25h[0m[1;91m
[-] PROGRAM ABORT : [0mNo instrumentation detected[1;91m
         Location : [0mcheck_binary(), src/afl-fuzz-init.c:3252

